// Jest Snapshot v1, https://goo.gl/fbAQLP

exports[`FilterModal renders correctly 1`] = `
<Modal
  animationType="fade"
  hardwareAccelerated={false}
  transparent={true}
  visible={false}
/>
`;
