// Jest Snapshot v1, https://goo.gl/fbAQLP

exports[`Renders DexAttributes correctly 1`] = `
<View
  style={
    {
      "marginTop": 48,
    }
  }
>
  <View
    style={
      {
        "flexDirection": "row",
        "marginVertical": 16,
      }
    }
  >
    <View
      style={
        {
          "flex": 1,
          "rowGap": 10,
        }
      }
    >
      <Text
        style={
          {
            "color": "#391363",
            "fontSize": 16,
            "fontWeight": "bold",
          }
        }
      >
        Height
      </Text>
      <Text
        style={
          {
            "color": "#391363",
            "fontSize": 16,
          }
        }
      >
        0'0"
      </Text>
    </View>
    <View
      style={
        {
          "flex": 1,
          "rowGap": 10,
        }
      }
    >
      <Text
        style={
          {
            "color": "#391363",
            "fontSize": 16,
            "fontWeight": "bold",
          }
        }
      >
        Weight
      </Text>
      <Text
        style={
          {
            "color": "#391363",
            "fontSize": 16,
          }
        }
      >
        0 Kg
      </Text>
    </View>
  </View>
  <View
    style={
      {
        "flexDirection": "row",
        "marginVertical": 16,
      }
    }
  >
    <View
      style={
        {
          "flex": 1,
          "rowGap": 10,
        }
      }
    >
      <Text
        style={
          {
            "color": "#391363",
            "fontSize": 16,
            "fontWeight": "bold",
          }
        }
      >
        Gender(s)
      </Text>
      <Text
        style={
          {
            "color": "#391363",
            "fontSize": 16,
          }
        }
      />
    </View>
    <View
      style={
        {
          "flex": 1,
          "rowGap": 10,
        }
      }
    >
      <Text
        style={
          {
            "color": "#391363",
            "fontSize": 16,
            "fontWeight": "bold",
          }
        }
      >
        Egg Groups
      </Text>
      <Text
        style={
          {
            "color": "#391363",
            "fontSize": 16,
          }
        }
      />
    </View>
  </View>
  <View
    style={
      {
        "flexDirection": "row",
        "marginVertical": 16,
      }
    }
  >
    <View
      style={
        {
          "flex": 1,
          "rowGap": 10,
        }
      }
    >
      <Text
        style={
          {
            "color": "#391363",
            "fontSize": 16,
            "fontWeight": "bold",
          }
        }
      >
        Abilities
      </Text>
      <Text
        style={
          {
            "color": "#391363",
            "fontSize": 16,
          }
        }
      />
    </View>
    <View
      style={
        {
          "flex": 1,
          "rowGap": 10,
        }
      }
    >
      <Text
        style={
          {
            "color": "#391363",
            "fontSize": 16,
            "fontWeight": "bold",
          }
        }
      >
        Types
      </Text>
      <View
        style={
          {
            "flexDirection": "row",
            "flexWrap": "wrap",
            "gap": 5,
          }
        }
      />
    </View>
  </View>
  <View
    style={
      {
        "marginVertical": 16,
      }
    }
  >
    <View
      style={
        {
          "flex": 1,
          "rowGap": 10,
        }
      }
    >
      <Text
        style={
          {
            "color": "#391363",
            "fontSize": 16,
            "fontWeight": "bold",
          }
        }
      >
        Weak Against
      </Text>
      <View
        style={
          {
            "flexDirection": "row",
            "flexWrap": "wrap",
            "gap": 5,
          }
        }
      />
    </View>
  </View>
</View>
`;
