// Jest Snapshot v1, https://goo.gl/fbAQLP

exports[`HighLighter renders correctly 1`] = `
<View
  style={
    {
      "flexDirection": "row",
      "flexWrap": "wrap",
      "gap": 5,
    }
  }
>
  <View
    style={
      [
        {
          "borderColor": "#391363",
          "borderRadius": 4,
          "borderWidth": 1,
          "paddingHorizontal": 5,
          "paddingVertical": 1,
        },
        {
          "backgroundColor": "#DDCBD0",
        },
      ]
    }
  >
    <Text
      style={
        {
          "fontSize": 16,
        }
      }
    >
      Normal
    </Text>
  </View>
  <View
    style={
      [
        {
          "borderColor": "#391363",
          "borderRadius": 4,
          "borderWidth": 1,
          "paddingHorizontal": 5,
          "paddingVertical": 1,
        },
        {
          "backgroundColor": "#C0D4C8",
        },
      ]
    }
  >
    <Text
      style={
        {
          "fontSize": 16,
        }
      }
    >
      Grass
    </Text>
  </View>
</View>
`;
