// Jest Snapshot v1, https://goo.gl/fbAQLP

exports[`Checking AccordionItem rendering 1`] = `
<View
  style={
    {
      "borderColor": "#391363",
      "borderRadius": 5,
      "borderWidth": 1,
      "marginBottom": 20,
    }
  }
>
  <View
    style={
      {
        "alignItems": "center",
        "flexDirection": "row",
        "paddingHorizontal": 20,
        "paddingVertical": 10,
      }
    }
  >
    <Text
      style={
        {
          "borderRightColor": "#ddd",
          "borderRightWidth": 1,
          "color": "#391363",
          "flex": 1,
          "fontSize": 18,
          "fontWeight": "bold",
        }
      }
    >
      Types
    </Text>
    <Text
      style={
        {
          "color": "#391363",
          "flex": 2,
          "fontSize": 18,
          "paddingLeft": 10,
        }
      }
    >
      Status
    </Text>
    <View
      accessibilityState={
        {
          "busy": undefined,
          "checked": undefined,
          "disabled": undefined,
          "expanded": undefined,
          "selected": undefined,
        }
      }
      accessibilityValue={
        {
          "max": undefined,
          "min": undefined,
          "now": undefined,
          "text": undefined,
        }
      }
      accessible={true}
      collapsable={false}
      focusable={true}
      onBlur={[Function]}
      onClick={[Function]}
      onFocus={[Function]}
      onResponderGrant={[Function]}
      onResponderMove={[Function]}
      onResponderRelease={[Function]}
      onResponderTerminate={[Function]}
      onResponderTerminationRequest={[Function]}
      onStartShouldSetResponder={[Function]}
      style={
        {
          "alignItems": "center",
          "borderColor": "#391363",
          "borderRadius": 30,
          "borderWidth": 1,
          "justifyContent": "center",
          "paddingHorizontal": 8,
          "paddingVertical": 2,
        }
      }
    >
      <Text
        style={
          {
            "color": "#391363",
            "fontSize": 18,
          }
        }
      >
        +
      </Text>
    </View>
  </View>
</View>
`;
